<html>
<body>
<pre>
<h1>µVision Build Log</h1>
<h2>Project:</h2>
C:\Users\atdeli\Desktop\Labware_2020\Labware\Lab15_LowPowerModes\LowPowerMode.uvproj
Project File Date:  12/02/2021

<h2>Output:</h2>
Build target 'LowPowerMode'
compiling main.c...
linking...
Program Size: Code=5280 RO-data=32 RW-data=4 ZI-data=1028  
".\LowPowerMode.axf" - 0 Error(s), 0 Warning(s).
</pre>
</body>
</html>
esktop\\Labware_2020\\Labware\\Lab15_LowPowerModes\\LowPowerMode.axf" 
Connecting: Mode=JTAG, Speed=1000000Hz
Erase Done.
Programming Done.
Verify OK.
amming Done.
Verify OK.
li\\Desktop\\Labware_2020\\Labware\\Lab15_LowPowerModes\\LowPowerMode.axf" 
Connecting: Mode=JTAG, Speed=1000000Hz
Erase Done.
Programming Done.
Verify OK.
